bash-3.2$ pwd
/Users/pelegri/Gits/progress.github.io
bash-3.2$ pushd ../pelegri.github.com/
~/Gits/pelegri.github.com ~/Gits/progress.github.io
bash-3.2$ ls images/
center-background.png	github-logo.png		logo.png		logo_nitobi.png		logo_webworks.png
dontPanic.png		headshot.jpg		logo_hippo.png		logo_pyxis.jpg
bash-3.2$ cd images/
bash-3.2$ export from; from=`pwd`;
bash-3.2$ echo $from
/Users/pelegri/Gits/pelegri.github.com/images
bash-3.2$ dirs
~/Gits/pelegri.github.com/images ~/Gits/progress.github.io
bash-3.2$ pushd
~/Gits/progress.github.io ~/Gits/pelegri.github.com/images
bash-3.2$ mkdir images
bash-3.2$ cd images/
bash-3.2$ ls
bash-3.2$ ls $from
center-background.png	github-logo.png		logo.png		logo_nitobi.png		logo_webworks.png
dontPanic.png		headshot.jpg		logo_hippo.png		logo_pyxis.jpg
bash-3.2$ cp cp $from/headshot.jpg epl_headshot.jpg
usage: cp [-R [-H | -L | -P]] [-fi | -n] [-apvX] source_file target_file
       cp [-R [-H | -L | -P]] [-fi | -n] [-apvX] source_file ... target_directory
bash-3.2$ cp $from/headshot.jpg epl_headshot.jpg
bash-3.2$ ls
epl_headshot.jpg
bash-3.2$ dirs
~/Gits/progress.github.io/images ~/Gits/pelegri.github.com/images
bash-3.2$ pushd 
~/Gits/pelegri.github.com/images ~/Gits/progress.github.io/images
bash-3.2$ cd ..
bash-3.2$ ls
404.html		_posts			css			index.html~		news.html
500e			alicejs			howToContribute.md	lahacks			oldIndex.md
_includes		approvedSignatories.md	images			ndk			ripple
_layouts		comingSoon.md		index.html		newIndex.md		webworks
bash-3.2$ ls -F
404.html		_posts/			css/			index.html~		news.html
500e/			alicejs/		howToContribute.md	lahacks/		oldIndex.md
_includes/		approvedSignatories.md	images/			ndk/			ripple/
_layouts/		comingSoon.md		index.html		newIndex.md		webworks/
bash-3.2$ ls lahacks/
TODO		TODO~		cheatsheet.md~	handout.md	index.md	index.md~
bash-3.2$ cd lahacks/
bash-3.2$ from=`pwd`
bash-3.2$ dirs
~/Gits/pelegri.github.com/lahacks ~/Gits/progress.github.io/images
bash-3.2$ pushd
~/Gits/progress.github.io/images ~/Gits/pelegri.github.com/lahacks
bash-3.2$ cd ..
bash-3.2$ mkdir lahacks
bash-3.2$ cd lahacks/
bash-3.2$ ls $from
TODO		TODO~		cheatsheet.md~	handout.md	index.md	index.md~
bash-3.2$ cp $from/* .
bash-3.2$ ls
TODO		TODO~		cheatsheet.md~	handout.md	index.md	index.md~
bash-3.2$ pwd
/Users/pelegri/Gits/progress.github.io/lahacks
bash-3.2$ rm *~
bash-3.2$ ls
TODO		handout.md	index.md
bash-3.2$ rm TODO 
bash-3.2$ ls
handout.md	index.md
bash-3.2$ dirs
~/Gits/progress.github.io/lahacks ~/Gits/pelegri.github.com/lahacks
bash-3.2$ cde ..
bash: cde: command not found
bash-3.2$ ls
handout.md	index.md
bash-3.2$ cd ..
bash-3.2$ ls
README.md	images		index.html	index.html~	lahacks
bash-3.2$ pwd
/Users/pelegri/Gits/progress.github.io
bash-3.2$ l
bash: l: command not found
bash-3.2$ ls
README.md	images		index.html	index.html~	lahacks
bash-3.2$ dirs
~/Gits/progress.github.io ~/Gits/pelegri.github.com/lahacks
bash-3.2$ pushd
~/Gits/pelegri.github.com/lahacks ~/Gits/progress.github.io
bash-3.2$ ls 
TODO		TODO~		cheatsheet.md~	handout.md	index.md	index.md~
bash-3.2$ cd ..
bash-3.2$ ls
404.html		_posts			css			index.html~		news.html
500e			alicejs			howToContribute.md	lahacks			oldIndex.md
_includes		approvedSignatories.md	images			ndk			ripple
_layouts		comingSoon.md		index.html		newIndex.md		webworks
bash-3.2$ ls _includes/
post.html
bash-3.2$ ls _layouts/
default.html	post.html
bash-3.2$ dirs
~/Gits/pelegri.github.com ~/Gits/progress.github.io
bash-3.2$ echo $from
/Users/pelegri/Gits/pelegri.github.com/lahacks
bash-3.2$ pwd
/Users/pelegri/Gits/pelegri.github.com
bash-3.2$ cd _layouts/
bash-3.2$ from=`pwd`
bash-3.2$ echo $from
/Users/pelegri/Gits/pelegri.github.com/_layouts
bash-3.2$ dirs
~/Gits/pelegri.github.com/_layouts ~/Gits/progress.github.io
bash-3.2$ pushd
~/Gits/progress.github.io ~/Gits/pelegri.github.com/_layouts
bash-3.2$ mkdir _layouts
bash-3.2$ ls
README.md	_layouts	images		index.html	index.html~	lahacks
bash-3.2$ dirs
~/Gits/progress.github.io ~/Gits/pelegri.github.com/_layouts
bash-3.2$ cd _layouts
bash-3.2$ ls $from
default.html	post.html
bash-3.2$ cp -p $from/default.html .
bash-3.2$ ls
default.html	default.html~
bash-3.2$ rm *~
bash-3.2$ ls
default.html
bash-3.2$ cd ..
bash-3.2$ ls
README.md	_layouts	images		index.html	index.html~	lahacks
bash-3.2$ ls -F
README.md	_layouts/	images/		index.html	index.html~	lahacks/
bash-3.2$ rm *~
bash-3.2$ ls lahacks/
handout.md	index.md
bash-3.2$ cd lahacks/
bash-3.2$ jekyll
bash: jekyll: command not found
bash-3.2$ ruby --version
ruby 2.0.0p481 (2014-05-08 revision 45883) [universal.x86_64-darwin13]
bash-3.2$ gem install bundler
Fetching: bundler-1.7.4.gem (100%)
ERROR:  While executing gem ... (Gem::FilePermissionError)
    You don't have write permissions for the /Library/Ruby/Gems/2.0.0 directory.
bash-3.2$ sudo gem install bundler
Password:
Fetching: bundler-1.7.4.gem (100%)
Successfully installed bundler-1.7.4
Parsing documentation for bundler-1.7.4
Installing ri documentation for bundler-1.7.4
1 gem installed
bash-3.2$ pwd
/Users/pelegri/Gits/progress.github.io/lahacks
bash-3.2$ cd ..
bash-3.2$ ls
README.md	_layouts	images		index.html	lahacks
bash-3.2$ dirs
~/Gits/progress.github.io ~/Gits/pelegri.github.com/_layouts
bash-3.2$ pushd
~/Gits/pelegri.github.com/_layouts ~/Gits/progress.github.io
bash-3.2$ cd ..
bash-3.2$ ls
404.html		_posts			css			index.html~		news.html
500e			alicejs			howToContribute.md	lahacks			oldIndex.md
_includes		approvedSignatories.md	images			ndk			ripple
_layouts		comingSoon.md		index.html		newIndex.md		webworks
bash-3.2$ pushd
~/Gits/progress.github.io ~/Gits/pelegri.github.com
bash-3.2$ bundle install
Resolving dependencies...
Your Gemfile has no gem server sources. If you need gems that are not already on your machine, add a line like this to your
Gemfile:
source 'https://rubygems.org'
Could not find gem 'github-pages (>= 0) ruby' in the gems available on this machine.
bash-3.2$ bundle install
bundle install
Fetching gem metadata from https://rubygems.org/.........
Resolving dependencies...

Gem::Installer::ExtensionBuildError: ERROR: Failed to build gem native extension.

    /System/Library/Frameworks/Ruby.framework/Versions/2.0/usr/bin/ruby extconf.rb 
checking for main() in -lc... *** extconf.rb failed ***
Could not create Makefile due to some reason, probably lack of necessary
libraries and/or headers.  Check the mkmf.log file for more details.  You may
need configuration options.

Provided configuration options:
	--with-opt-dir
	--without-opt-dir
	--with-opt-include
	--without-opt-include=${opt-dir}/include
	--with-opt-lib
	--without-opt-lib=${opt-dir}/lib
	--with-make-prog
	--without-make-prog
	--srcdir=.
	--curdir
	--ruby=/System/Library/Frameworks/Ruby.framework/Versions/2.0/usr/bin/ruby
	--with-redcloth_scan-dir
	--without-redcloth_scan-dir
	--with-redcloth_scan-include
	--without-redcloth_scan-include=${redcloth_scan-dir}/include
	--with-redcloth_scan-lib
	--without-redcloth_scan-lib=${redcloth_scan-dir}/
	--with-clib
	--without-clib
/System/Library/Frameworks/Ruby.framework/Versions/2.0/usr/lib/ruby/2.0.0/mkmf.rb:434:in `try_do': The compiler failed to generate an executable file. (RuntimeError)
You have to install development tools first.
	from /System/Library/Frameworks/Ruby.framework/Versions/2.0/usr/lib/ruby/2.0.0/mkmf.rb:513:in `block in try_link0'
	from /System/Library/Frameworks/Ruby.framework/Versions/2.0/usr/lib/ruby/2.0.0/tmpdir.rb:88:in `mktmpdir'
	from /System/Library/Frameworks/Ruby.framework/Versions/2.0/usr/lib/ruby/2.0.0/mkmf.rb:510:in `try_link0'
	from /System/Library/Frameworks/Ruby.framework/Versions/2.0/usr/lib/ruby/2.0.0/mkmf.rb:534:in `try_link'
	from /System/Library/Frameworks/Ruby.framework/Versions/2.0/usr/lib/ruby/2.0.0/mkmf.rb:720:in `try_func'
	from /System/Library/Frameworks/Ruby.framework/Versions/2.0/usr/lib/ruby/2.0.0/mkmf.rb:950:in `block in have_library'
	from /System/Library/Frameworks/Ruby.framework/Versions/2.0/usr/lib/ruby/2.0.0/mkmf.rb:895:in `block in checking_for'
	from /System/Library/Frameworks/Ruby.framework/Versions/2.0/usr/lib/ruby/2.0.0/mkmf.rb:340:in `block (2 levels) in postpone'
	from /System/Library/Frameworks/Ruby.framework/Versions/2.0/usr/lib/ruby/2.0.0/mkmf.rb:310:in `open'
	from /System/Library/Frameworks/Ruby.framework/Versions/2.0/usr/lib/ruby/2.0.0/mkmf.rb:340:in `block in postpone'
	from /System/Library/Frameworks/Ruby.framework/Versions/2.0/usr/lib/ruby/2.0.0/mkmf.rb:310:in `open'
	from /System/Library/Frameworks/Ruby.framework/Versions/2.0/usr/lib/ruby/2.0.0/mkmf.rb:336:in `postpone'
	from /System/Library/Frameworks/Ruby.framework/Versions/2.0/usr/lib/ruby/2.0.0/mkmf.rb:894:in `checking_for'
	from /System/Library/Frameworks/Ruby.framework/Versions/2.0/usr/lib/ruby/2.0.0/mkmf.rb:945:in `have_library'
	from extconf.rb:5:in `<main>'


Gem files will remain installed in /var/folders/xp/js3bvhrs55j5s3546bq4m7l80000gn/T/bundler20141030-9943-12onhue/RedCloth-4.2.9/gems/RedCloth-4.2.9 for inspection.
Results logged to /var/folders/xp/js3bvhrs55j5s3546bq4m7l80000gn/T/bundler20141030-9943-12onhue/RedCloth-4.2.9/gems/RedCloth-4.2.9/ext/redcloth_scan/gem_make.out
An error occurred while installing RedCloth (4.2.9), and Bundler cannot continue.
Make sure that `gem install RedCloth -v '4.2.9'` succeeds before bundling.
bash-3.2$ sudo gem install RedCloth -v 4.2.9
sudo gem install RedCloth -v 4.2.9
Building native extensions.  This could take a while...
ERROR:  Error installing RedCloth:
	ERROR: Failed to build gem native extension.

    /System/Library/Frameworks/Ruby.framework/Versions/2.0/usr/bin/ruby extconf.rb
checking for main() in -lc... *** extconf.rb failed ***
Could not create Makefile due to some reason, probably lack of necessary
libraries and/or headers.  Check the mkmf.log file for more details.  You may
need configuration options.

Provided configuration options:
	--with-opt-dir
	--without-opt-dir
	--with-opt-include
	--without-opt-include=${opt-dir}/include
	--with-opt-lib
	--without-opt-lib=${opt-dir}/lib
	--with-make-prog
	--without-make-prog
	--srcdir=.
	--curdir
	--ruby=/System/Library/Frameworks/Ruby.framework/Versions/2.0/usr/bin/ruby
	--with-redcloth_scan-dir
	--without-redcloth_scan-dir
	--with-redcloth_scan-include
	--without-redcloth_scan-include=${redcloth_scan-dir}/include
	--with-redcloth_scan-lib
	--without-redcloth_scan-lib=${redcloth_scan-dir}/
	--with-clib
	--without-clib
/System/Library/Frameworks/Ruby.framework/Versions/2.0/usr/lib/ruby/2.0.0/mkmf.rb:434:in `try_do': The compiler failed to generate an executable file. (RuntimeError)
You have to install development tools first.
	from /System/Library/Frameworks/Ruby.framework/Versions/2.0/usr/lib/ruby/2.0.0/mkmf.rb:513:in `block in try_link0'
	from /System/Library/Frameworks/Ruby.framework/Versions/2.0/usr/lib/ruby/2.0.0/tmpdir.rb:88:in `mktmpdir'
	from /System/Library/Frameworks/Ruby.framework/Versions/2.0/usr/lib/ruby/2.0.0/mkmf.rb:510:in `try_link0'
	from /System/Library/Frameworks/Ruby.framework/Versions/2.0/usr/lib/ruby/2.0.0/mkmf.rb:534:in `try_link'
	from /System/Library/Frameworks/Ruby.framework/Versions/2.0/usr/lib/ruby/2.0.0/mkmf.rb:720:in `try_func'
	from /System/Library/Frameworks/Ruby.framework/Versions/2.0/usr/lib/ruby/2.0.0/mkmf.rb:950:in `block in have_library'
	from /System/Library/Frameworks/Ruby.framework/Versions/2.0/usr/lib/ruby/2.0.0/mkmf.rb:895:in `block in checking_for'
	from /System/Library/Frameworks/Ruby.framework/Versions/2.0/usr/lib/ruby/2.0.0/mkmf.rb:340:in `block (2 levels) in postpone'
	from /System/Library/Frameworks/Ruby.framework/Versions/2.0/usr/lib/ruby/2.0.0/mkmf.rb:310:in `open'
	from /System/Library/Frameworks/Ruby.framework/Versions/2.0/usr/lib/ruby/2.0.0/mkmf.rb:340:in `block in postpone'
	from /System/Library/Frameworks/Ruby.framework/Versions/2.0/usr/lib/ruby/2.0.0/mkmf.rb:310:in `open'
	from /System/Library/Frameworks/Ruby.framework/Versions/2.0/usr/lib/ruby/2.0.0/mkmf.rb:336:in `postpone'
	from /System/Library/Frameworks/Ruby.framework/Versions/2.0/usr/lib/ruby/2.0.0/mkmf.rb:894:in `checking_for'
	from /System/Library/Frameworks/Ruby.framework/Versions/2.0/usr/lib/ruby/2.0.0/mkmf.rb:945:in `have_library'
	from extconf.rb:5:in `<main>'


Gem files will remain installed in /Library/Ruby/Gems/2.0.0/gems/RedCloth-4.2.9 for inspection.
Results logged to /Library/Ruby/Gems/2.0.0/gems/RedCloth-4.2.9/ext/redcloth_scan/gem_make.out
bash-3.2$ sudo bundle install
sudo bundle install
Don't run Bundler as root. Bundler can ask for sudo if it is needed, and installing your bundle as root will break this application
for all non-root users on this machine.
Fetching gem metadata from https://rubygems.org/.........
Resolving dependencies...

Gem::Installer::ExtensionBuildError: ERROR: Failed to build gem native extension.

    /System/Library/Frameworks/Ruby.framework/Versions/2.0/usr/bin/ruby extconf.rb 
checking for main() in -lc... *** extconf.rb failed ***
Could not create Makefile due to some reason, probably lack of necessary
libraries and/or headers.  Check the mkmf.log file for more details.  You may
need configuration options.

Provided configuration options:
	--with-opt-dir
	--without-opt-dir
	--with-opt-include
	--without-opt-include=${opt-dir}/include
	--with-opt-lib
	--without-opt-lib=${opt-dir}/lib
	--with-make-prog
	--without-make-prog
	--srcdir=.
	--curdir
	--ruby=/System/Library/Frameworks/Ruby.framework/Versions/2.0/usr/bin/ruby
	--with-redcloth_scan-dir
	--without-redcloth_scan-dir
	--with-redcloth_scan-include
	--without-redcloth_scan-include=${redcloth_scan-dir}/include
	--with-redcloth_scan-lib
	--without-redcloth_scan-lib=${redcloth_scan-dir}/
	--with-clib
	--without-clib
/System/Library/Frameworks/Ruby.framework/Versions/2.0/usr/lib/ruby/2.0.0/mkmf.rb:434:in `try_do': The compiler failed to generate an executable file. (RuntimeError)
You have to install development tools first.
	from /System/Library/Frameworks/Ruby.framework/Versions/2.0/usr/lib/ruby/2.0.0/mkmf.rb:513:in `block in try_link0'
	from /System/Library/Frameworks/Ruby.framework/Versions/2.0/usr/lib/ruby/2.0.0/tmpdir.rb:88:in `mktmpdir'
	from /System/Library/Frameworks/Ruby.framework/Versions/2.0/usr/lib/ruby/2.0.0/mkmf.rb:510:in `try_link0'
	from /System/Library/Frameworks/Ruby.framework/Versions/2.0/usr/lib/ruby/2.0.0/mkmf.rb:534:in `try_link'
	from /System/Library/Frameworks/Ruby.framework/Versions/2.0/usr/lib/ruby/2.0.0/mkmf.rb:720:in `try_func'
	from /System/Library/Frameworks/Ruby.framework/Versions/2.0/usr/lib/ruby/2.0.0/mkmf.rb:950:in `block in have_library'
	from /System/Library/Frameworks/Ruby.framework/Versions/2.0/usr/lib/ruby/2.0.0/mkmf.rb:895:in `block in checking_for'
	from /System/Library/Frameworks/Ruby.framework/Versions/2.0/usr/lib/ruby/2.0.0/mkmf.rb:340:in `block (2 levels) in postpone'
	from /System/Library/Frameworks/Ruby.framework/Versions/2.0/usr/lib/ruby/2.0.0/mkmf.rb:310:in `open'
	from /System/Library/Frameworks/Ruby.framework/Versions/2.0/usr/lib/ruby/2.0.0/mkmf.rb:340:in `block in postpone'
	from /System/Library/Frameworks/Ruby.framework/Versions/2.0/usr/lib/ruby/2.0.0/mkmf.rb:310:in `open'
	from /System/Library/Frameworks/Ruby.framework/Versions/2.0/usr/lib/ruby/2.0.0/mkmf.rb:336:in `postpone'
	from /System/Library/Frameworks/Ruby.framework/Versions/2.0/usr/lib/ruby/2.0.0/mkmf.rb:894:in `checking_for'
	from /System/Library/Frameworks/Ruby.framework/Versions/2.0/usr/lib/ruby/2.0.0/mkmf.rb:945:in `have_library'
	from extconf.rb:5:in `<main>'


Gem files will remain installed in /Library/Ruby/Gems/2.0.0/gems/RedCloth-4.2.9 for inspection.
Results logged to /Library/Ruby/Gems/2.0.0/gems/RedCloth-4.2.9/ext/redcloth_scan/gem_make.out
An error occurred while installing RedCloth (4.2.9), and Bundler cannot continue.
Make sure that `gem install RedCloth -v '4.2.9'` succeeds before bundling.
bash-3.2$ dirs
dirs
~/Gits/progress.github.io ~/Gits/pelegri.github.com
bash-3.2$ bundle exec jekyll serve
bundle exec jekyll serve
Could not find gem 'github-pages (>= 0) ruby' in the gems available on this machine.
Run `bundle install` to install missing gems.
bash-3.2$ bundle install
bundle install
Fetching gem metadata from https://rubygems.org/.........
Resolving dependencies...
Installing RedCloth 4.2.9
Installing i18n 0.6.11
Installing json 1.8.1
Installing minitest 5.4.2
Installing thread_safe 0.3.4
Installing tzinfo 1.2.2
Installing activesupport 4.1.7
Using blankslate 2.1.2.4
Using hitimes 1.2.2
Using timers 4.0.1
Using celluloid 0.16.0
Using fast-stemmer 1.0.2
Using classifier-reborn 2.0.1
Using coffee-script-source 1.8.0
Using execjs 2.2.2
Using coffee-script 2.3.0
Using colorator 0.1
Using ffi 1.9.6
Installing gemoji 2.1.0
Installing jekyll-coffeescript 1.0.0
Using jekyll-gist 1.1.0
Using jekyll-paginate 1.1.0
Using sass 3.4.6
Installing jekyll-sass-converter 1.2.0
Using rb-fsevent 0.9.4
Using rb-inotify 0.9.5
Using listen 2.7.11
Using jekyll-watch 1.1.1
Installing kramdown 1.3.1
Using liquid 2.6.1
Using mercenary 0.3.4
Using posix-spawn 0.3.9
Using yajl-ruby 1.1.0
Using pygments.rb 0.6.0
Installing redcarpet 3.1.2
Using safe_yaml 1.0.4
Using parslet 1.5.0
Using toml 0.1.2
Using jekyll 2.4.0
Installing mini_portile 0.6.0
Building nokogiri using packaged libraries.
Building libxml2-2.8.0 for nokogiri with the following patches applied:
	- 0001-Fix-parser-local-buffers-size-problems.patch
	- 0002-Fix-entities-local-buffers-size-problems.patch
	- 0003-Fix-an-error-in-previous-commit.patch
	- 0004-Fix-potential-out-of-bound-access.patch
	- 0005-Detect-excessive-entities-expansion-upon-replacement.patch
	- 0006-Do-not-fetch-external-parsed-entities.patch
	- 0007-Enforce-XML_PARSER_EOF-state-handling-through-the-pa.patch
	- 0008-Improve-handling-of-xmlStopParser.patch
	- 0009-Fix-a-couple-of-return-without-value.patch
	- 0010-Keep-non-significant-blanks-node-in-HTML-parser.patch
	- 0011-Do-not-fetch-external-parameter-entities.patch
************************************************************************
IMPORTANT!  Nokogiri builds and uses a packaged version of libxml2.

If this is a concern for you and you want to use the system library
instead, abort this installation process and reinstall nokogiri as
follows:

    gem install nokogiri -- --use-system-libraries

If you are using Bundler, tell it to use the option:

    bundle config build.nokogiri --use-system-libraries
    bundle install

However, note that nokogiri does not necessarily support all versions
of libxml2.

For example, libxml2-2.9.0 and higher are currently known to be broken
and thus unsupported by nokogiri, due to compatibility problems and
XPath optimization bugs.
************************************************************************
Building libxslt-1.1.28 for nokogiri with the following patches applied:
	- 0001-Adding-doc-update-related-to-1.1.28.patch
	- 0002-Fix-a-couple-of-places-where-f-printf-parameters-wer.patch
	- 0003-Initialize-pseudo-random-number-generator-with-curre.patch
	- 0004-EXSLT-function-str-replace-is-broken-as-is.patch
	- 0006-Fix-str-padding-to-work-with-UTF-8-strings.patch
	- 0007-Separate-function-for-predicate-matching-in-patterns.patch
	- 0008-Fix-direct-pattern-matching.patch
	- 0009-Fix-certain-patterns-with-predicates.patch
	- 0010-Fix-handling-of-UTF-8-strings-in-EXSLT-crypto-module.patch
	- 0013-Memory-leak-in-xsltCompileIdKeyPattern-error-path.patch
	- 0014-Fix-for-bug-436589.patch
	- 0015-Fix-mkdir-for-mingw.patch
************************************************************************
IMPORTANT!  Nokogiri builds and uses a packaged version of libxslt.

If this is a concern for you and you want to use the system library
instead, abort this installation process and reinstall nokogiri as
follows:

    gem install nokogiri -- --use-system-libraries

If you are using Bundler, tell it to use the option:

    bundle config build.nokogiri --use-system-libraries
    bundle install
************************************************************************
Installing nokogiri 1.6.3.1
Installing html-pipeline 1.9.0
Installing jekyll-mentions 0.1.3
Installing jekyll-redirect-from 0.6.2
Installing jekyll-sitemap 0.6.0
Installing jemoji 0.3.0
Installing maruku 0.7.0
Installing rdiscount 2.1.7
Installing github-pages 28
Using bundler 1.7.4
Your bundle is complete!
Use `bundle show [gemname]` to see where a bundled gem is installed.
Post-install message from html-pipeline:
-------------------------------------------------
Thank you for installing html-pipeline!
You must bundle Filter gem dependencies.
See html-pipeline README.md for more details.
https://github.com/jch/html-pipeline#dependencies
-------------------------------------------------
bash-3.2$ ls
ls
Gemfile		Gemfile.lock	Gemfile~	README.md	_layouts	images		index.html	lahacks
bash-3.2$ bundle exec jekyll serve
bundle exec jekyll serve
Configuration file: none
            Source: /Users/pelegri/Gits/progress.github.io
       Destination: /Users/pelegri/Gits/progress.github.io/_site
      Generating... 
                    done.
 Auto-regeneration: enabled for '/Users/pelegri/Gits/progress.github.io'
Configuration file: none
    Server address: http://0.0.0.0:4000/
  Server running... press ctrl-c to stop.
  C-c C-c^Cbash-3.2$ dirs
dirs
~/Gits/progress.github.io ~/Gits/pelegri.github.com
bash-3.2$ pushd
pushd
~/Gits/pelegri.github.com ~/Gits/progress.github.io
bash-3.2$ ls
ls
404.html		_posts			css			index.html~		news.html
500e			alicejs			howToContribute.md	lahacks			oldIndex.md
_includes		approvedSignatories.md	images			ndk			ripple
_layouts		comingSoon.md		index.html		newIndex.md		webworks
bash-3.2$ ls _includes/
ls _includes/
post.html
bash-3.2$ ls images/
ls images/
center-background.png	github-logo.png		logo.png		logo_nitobi.png		logo_webworks.png
dontPanic.png		headshot.jpg		logo_hippo.png		logo_pyxis.jpg
bash-3.2$ dirs
dirs
~/Gits/pelegri.github.com ~/Gits/progress.github.io
bash-3.2$ cd images/
cd images/
bash-3.2$ from=`pwd`
from=`pwd`
bash-3.2$ dirs
dirs
~/Gits/pelegri.github.com/images ~/Gits/progress.github.io
bash-3.2$ pushd
pushd
~/Gits/progress.github.io ~/Gits/pelegri.github.com/images
bash-3.2$ cd images/
cd images/
bash-3.2$ ls
ls
epl_headshot.jpg
bash-3.2$ ls $from
ls $from
center-background.png	github-logo.png		logo.png		logo_nitobi.png		logo_webworks.png
dontPanic.png		headshot.jpg		logo_hippo.png		logo_pyxis.jpg
bash-3.2$ cp -p $from/center-background.png .
cp -p $from/center-background.png .
bash-3.2$ ls
ls
center-background.png	epl_headshot.jpg
bash-3.2$ cd ..
cd ..
bash-3.2$ dirs
dirs
~/Gits/progress.github.io ~/Gits/pelegri.github.com/images
bash-3.2$ bundle exec jekyll serve
bundle exec jekyll serve
Configuration file: none
            Source: /Users/pelegri/Gits/progress.github.io
       Destination: /Users/pelegri/Gits/progress.github.io/_site
      Generating... 
                    done.
 Auto-regeneration: enabled for '/Users/pelegri/Gits/progress.github.io'
Configuration file: none
    Server address: http://0.0.0.0:4000/
  Server running... press ctrl-c to stop.
  C-c C-c^Cbash-3.2$ ls
ls
Gemfile		Gemfile~	_layouts	images		lahacks
Gemfile.lock	README.md	_site		index.html
bash-3.2$ ls -F
ls -F
Gemfile		Gemfile~	_layouts/	images/		lahacks/
Gemfile.lock	README.md	_site/		index.html
bash-3.2$ cd _site/
cd _site/
bash-3.2$ ls
ls
Gemfile		Gemfile.lock	README.md	images		index.html	lahacks
bash-3.2$ ls -F
ls -F
Gemfile		Gemfile.lock	README.md	images/		index.html	lahacks/
bash-3.2$ ls images
ls images
center-background.png	epl_headshot.jpg
bash-3.2$ cd lahacks/
cd lahacks/
bash-3.2$ ls
ls
handout.html	index.html
bash-3.2$ dirs
dirs
~/Gits/progress.github.io/_site/lahacks ~/Gits/pelegri.github.com/images
bash-3.2$ pushd ..
pushd ..
~/Gits/progress.github.io/_site ~/Gits/progress.github.io/_site/lahacks ~/Gits/pelegri.github.com/images
bash-3.2$ ls
ls
Gemfile		Gemfile.lock	README.md	images		index.html	lahacks
bash-3.2$ popd
popd
~/Gits/progress.github.io/_site/lahacks ~/Gits/pelegri.github.com/images
bash-3.2$ pushd
pushd
~/Gits/pelegri.github.com/images ~/Gits/progress.github.io/_site/lahacks
bash-3.2$ cd ..
cd ..
bash-3.2$ ls
ls
404.html		_posts			css			index.html~		news.html
500e			alicejs			howToContribute.md	lahacks			oldIndex.md
_includes		approvedSignatories.md	images			ndk			ripple
_layouts		comingSoon.md		index.html		newIndex.md		webworks
bash-3.2$ cd css
cd css
bash-3.2$ ls
ls
github.css
bash-3.2$ dirs
dirs
~/Gits/pelegri.github.com/css ~/Gits/progress.github.io/_site/lahacks
bash-3.2$ from=`pwd`
from=`pwd`
bash-3.2$ dirs
dirs
~/Gits/pelegri.github.com/css ~/Gits/progress.github.io/_site/lahacks
bash-3.2$ pushd 
pushd 
~/Gits/progress.github.io/_site/lahacks ~/Gits/pelegri.github.com/css
bash-3.2$ cd ..
cd ..
bash-3.2$ cd ..
cd ..
bash-3.2$ ls
ls
Gemfile		Gemfile~	_layouts	images		lahacks
Gemfile.lock	README.md	_site		index.html
bash-3.2$ mkdir css
mkdir css
bash-3.2$ cd css
cd css
bash-3.2$ ls
ls
bash-3.2$ echo $from
echo $from
/Users/pelegri/Gits/pelegri.github.com/css
bash-3.2$ cp $from/* .
cp $from/* .
bash-3.2$ ls
ls
github.css
bash-3.2$ dirs
dirs
~/Gits/progress.github.io/css ~/Gits/pelegri.github.com/css
bash-3.2$ cd ../images/
cd ../images/
bash-3.2$ ls
ls
center-background.png	epl_headshot.jpg
bash-3.2$ dirs
dirs
~/Gits/progress.github.io/images ~/Gits/pelegri.github.com/css
bash-3.2$ pushd
pushd
~/Gits/pelegri.github.com/css ~/Gits/progress.github.io/images
bash-3.2$ cd ../images/
cd ../images/
bash-3.2$ ls
ls
center-background.png	github-logo.png		logo.png		logo_nitobi.png		logo_webworks.png
dontPanic.png		headshot.jpg		logo_hippo.png		logo_pyxis.jpg
bash-3.2$ dirs
dirs
~/Gits/pelegri.github.com/images ~/Gits/progress.github.io/images
bash-3.2$ from=`pwd`
from=`pwd`
bash-3.2$ dirs
dirs
~/Gits/pelegri.github.com/images ~/Gits/progress.github.io/images
bash-3.2$ pushd
pushd
~/Gits/progress.github.io/images ~/Gits/pelegri.github.com/images
bash-3.2$ ls $from
ls $from
center-background.png	github-logo.png		logo.png		logo_nitobi.png		logo_webworks.png
dontPanic.png		headshot.jpg		logo_hippo.png		logo_pyxis.jpg
bash-3.2$ cp -p $from/logo.png .
cp -p $from/logo.png .
bash-3.2$ cp -p $from/github-logo.png .
cp -p $from/github-logo.png .
dirsbash-3.2$ dirs
dirs
~/Gits/progress.github.io/images ~/Gits/pelegri.github.com/images
bash-3.2$ cd ..
cd ..
bash-3.2$ bundle exec jekyll serve
bundle exec jekyll serve
Configuration file: none
            Source: /Users/pelegri/Gits/progress.github.io
       Destination: /Users/pelegri/Gits/progress.github.io/_site
      Generating... 
                    done.
 Auto-regeneration: enabled for '/Users/pelegri/Gits/progress.github.io'
Configuration file: none
    Server address: http://0.0.0.0:4000/
  Server running... press ctrl-c to stop.
  C-c C-c^Cbash-3.2$ ls
ls
Gemfile		Gemfile~	_layouts	css		index.html
Gemfile.lock	README.md	_site		images		lahacks
bash-3.2$   C-c C-c^C
bash-3.2$ ls
ls
Gemfile		Gemfile~	_layouts	css		index.html
Gemfile.lock	README.md	_site		images		lahacks
bash-3.2$ rm *~
rm *~
bash-3.2$ ls
ls
Gemfile		README.md	_site		images		lahacks
Gemfile.lock	_layouts	css		index.html
bash-3.2$ cd images/
cd images/
bash-3.2$ ls
ls
center-background.png	epl_headshot.jpg	github-logo.png		logo.png
bash-3.2$ dirs
dirs
~/Gits/progress.github.io/images ~/Gits/pelegri.github.com/images
bash-3.2$ pushd ../css/
pushd ../css/
~/Gits/progress.github.io/css ~/Gits/progress.github.io/images ~/Gits/pelegri.github.com/images
bash-3.2$ dirs
dirs
~/Gits/progress.github.io/css ~/Gits/progress.github.io/images ~/Gits/pelegri.github.com/images
bash-3.2$ ls
ls
github.css	github.css~
bash-3.2$ popd
popd
~/Gits/progress.github.io/images ~/Gits/pelegri.github.com/images
bash-3.2$ ls
ls
center-background.png	epl_headshot.jpg	github-logo.png		logo.png
bash-3.2$ ls ~/Downloads/*logo*
ls ~/Downloads/*logo*
/Users/pelegri/Downloads/main-logo-2.png	/Users/pelegri/Downloads/main-logo.png
bash-3.2$ cp ~/Downloads/main-logo.png progress-logo.png
cp ~/Downloads/main-logo.png progress-logo.png
bash-3.2$ cp ~/Downloads/main-logo-2.png progress-logo-2.png
cp ~/Downloads/main-logo-2.png progress-logo-2.png
bash-3.2$ ls
ls
center-background.png	github-logo.png		progress-logo-2.png
epl_headshot.jpg	logo.png		progress-logo.png
bash-3.2$ dirs
dirs
~/Gits/progress.github.io/images ~/Gits/pelegri.github.com/images
bash-3.2$ ls
ls
NOTE			epl_headshot.jpg	logo.png		progress-logo.png
center-background.png	github-logo.png		progress-logo-2.png
bash-3.2$ rm logo.png 
rm logo.png 
bash-3.2$ ls
ls
NOTE			epl_headshot.jpg	progress-logo-2.png
center-background.png	github-logo.png		progress-logo.png
bash-3.2$ dirs
dirs
~/Gits/progress.github.io/images ~/Gits/pelegri.github.com/images
bash-3.2$ dirs
dirs
~/Gits/progress.github.io/images ~/Gits/pelegri.github.com/images
bash-3.2$ dirs
dirs
~/Gits/progress.github.io/images ~/Gits/pelegri.github.com/images
bash-3.2$ ls
ls
NOTE			epl_headshot.jpg	progress-logo-2.png
center-background.png	github-logo.png		progress-logo.png
bash-3.2$ cp ~/Dropbox/Blogs/modulus-logoSmall-gray20.png .
cp ~/Dropbox/Blogs/modulus-logoSmall-gray20.png .
bash-3.2$ ls
ls
NOTE				epl_headshot.jpg		modulus-logoSmall-gray20.png	progress-logo.png
center-background.png		github-logo.png			progress-logo-2.png
bash-3.2$ dirs
dirs
~/Gits/progress.github.io/images ~/Gits/pelegri.github.com/images
bash-3.2$ cd ..
cd ..
bash-3.2$ bundle exec jekyll serve
bundle exec jekyll serve
Configuration file: none
            Source: /Users/pelegri/Gits/progress.github.io
       Destination: /Users/pelegri/Gits/progress.github.io/_site
      Generating... 
                    done.
 Auto-regeneration: enabled for '/Users/pelegri/Gits/progress.github.io'
Configuration file: none
    Server address: http://0.0.0.0:4000/
  Server running... press ctrl-c to stop.
  C-c C-c^Cbash-3.2$ bundle exec jekyll serve
bundle exec jekyll serve
Configuration file: none
            Source: /Users/pelegri/Gits/progress.github.io
       Destination: /Users/pelegri/Gits/progress.github.io/_site
      Generating... 
                    done.
 Auto-regeneration: enabled for '/Users/pelegri/Gits/progress.github.io'
Configuration file: none
    Server address: http://0.0.0.0:4000/
  Server running... press ctrl-c to stop.
  C-c C-c^Cbash-3.2$ bundle exec jekyll serve
bundle exec jekyll serve
Configuration file: none
            Source: /Users/pelegri/Gits/progress.github.io
       Destination: /Users/pelegri/Gits/progress.github.io/_site
      Generating... 
                    done.
 Auto-regeneration: enabled for '/Users/pelegri/Gits/progress.github.io'
Configuration file: none
    Server address: http://0.0.0.0:4000/
  Server running... press ctrl-c to stop.
  C-c C-c^Cbash-3.2$ bundle exec jekyll serve
bundle exec jekyll serve
Configuration file: none
            Source: /Users/pelegri/Gits/progress.github.io
       Destination: /Users/pelegri/Gits/progress.github.io/_site
      Generating... 
                    done.
 Auto-regeneration: enabled for '/Users/pelegri/Gits/progress.github.io'
Configuration file: none
    Server address: http://0.0.0.0:4000/
  Server running... press ctrl-c to stop.
  C-c C-c^Cbash-3.2$ bundle exec jekyll serve
bundle exec jekyll serve
Configuration file: none
            Source: /Users/pelegri/Gits/progress.github.io
       Destination: /Users/pelegri/Gits/progress.github.io/_site
      Generating... 
                    done.
 Auto-regeneration: enabled for '/Users/pelegri/Gits/progress.github.io'
Configuration file: none
    Server address: http://0.0.0.0:4000/
  Server running... press ctrl-c to stop.
  C-c C-c^Cbash-3.2$ bundle exec jekyll serve
bundle exec jekyll serve
Configuration file: none
            Source: /Users/pelegri/Gits/progress.github.io
       Destination: /Users/pelegri/Gits/progress.github.io/_site
      Generating... 
                    done.
 Auto-regeneration: enabled for '/Users/pelegri/Gits/progress.github.io'
Configuration file: none
    Server address: http://0.0.0.0:4000/
  Server running... press ctrl-c to stop.
  C-c C-c^Cbash-3.2$ bundle exec jekyll serve
bundle exec jekyll serve
Configuration file: none
            Source: /Users/pelegri/Gits/progress.github.io
       Destination: /Users/pelegri/Gits/progress.github.io/_site
      Generating... 
                    done.
 Auto-regeneration: enabled for '/Users/pelegri/Gits/progress.github.io'
Configuration file: none
    Server address: http://0.0.0.0:4000/
  Server running... press ctrl-c to stop.
  C-c C-c^Cbash-3.2$ dirs
dirs
~/Gits/progress.github.io ~/Gits/pelegri.github.com/images
bash-3.2$ cd images/
cd images/
bash-3.2$ cp ~/Dropbox/Blogs/TelerikBrand-Min.jpg .
cp ~/Dropbox/Blogs/TelerikBrand-Min.jpg .
bash-3.2$ ls
ls
NOTE				center-background.png		github-logo.png			progress-logo-2.png
TelerikBrand-Min.jpg		epl_headshot.jpg		modulus-logoSmall-gray20.png	progress-logo.png
bash-3.2$ mv TelerikBrand-Min.jpg TelerikBrand.jpg 
mv TelerikBrand-Min.jpg TelerikBrand.jpg 
bash-3.2$ bundle exec jekyll serve
bundle exec jekyll serve
Configuration file: none
            Source: /Users/pelegri/Gits/progress.github.io/images
       Destination: /Users/pelegri/Gits/progress.github.io/images/_site
      Generating... 
                    done.
 Auto-regeneration: enabled for '/Users/pelegri/Gits/progress.github.io/images'
Configuration file: none
    Server address: http://0.0.0.0:4000/
  Server running... press ctrl-c to stop.
  C-c C-c^Cbash-3.2$ ls
ls
NOTE				center-background.png		modulus-logoSmall-gray20.png
TelerikBrand.jpg		epl_headshot.jpg		progress-logo-2.png
_site				github-logo.png			progress-logo.png
bash-3.2$ rm -rf _site/
rm -rf _site/
bash-3.2$ cd ..
cd ..
bash-3.2$ ls
ls
Gemfile		README.md	_site		images		lahacks
Gemfile.lock	_layouts	css		index.html
bash-3.2$ pwd
pwd
/Users/pelegri/Gits/progress.github.io
bash-3.2$ bundle exec jekyll serve
bundle exec jekyll serve
Configuration file: none
            Source: /Users/pelegri/Gits/progress.github.io
       Destination: /Users/pelegri/Gits/progress.github.io/_site
      Generating... 
                    done.
 Auto-regeneration: enabled for '/Users/pelegri/Gits/progress.github.io'
Configuration file: none
    Server address: http://0.0.0.0:4000/
  Server running... press ctrl-c to stop.
      Regenerating: 2 files at 2014-10-30 15:40:28 ...done.
      Regenerating: 1 files at 2014-10-30 15:40:44 ...done.
      Regenerating: 3 files at 2014-10-30 15:40:49 ...done.
  C-c C-c^Cbash-3.2$ bundle exec jekyll serve
bundle exec jekyll serve
Configuration file: none
            Source: /Users/pelegri/Gits/progress.github.io
       Destination: /Users/pelegri/Gits/progress.github.io/_site
      Generating... 
                    done.
 Auto-regeneration: enabled for '/Users/pelegri/Gits/progress.github.io'
Configuration file: none
    Server address: http://0.0.0.0:4000/
  Server running... press ctrl-c to stop.
  C-c C-c^Cbash-3.2$ bundle exec jekyll serve
bundle exec jekyll serve
Configuration file: none
            Source: /Users/pelegri/Gits/progress.github.io
       Destination: /Users/pelegri/Gits/progress.github.io/_site
      Generating... 
                    done.
 Auto-regeneration: enabled for '/Users/pelegri/Gits/progress.github.io'
Configuration file: none
    Server address: http://0.0.0.0:4000/
  Server running... press ctrl-c to stop.
  C-c C-c^Cbash-3.2$ bundle exec jekyll serve
bundle exec jekyll serve
Configuration file: none
            Source: /Users/pelegri/Gits/progress.github.io
       Destination: /Users/pelegri/Gits/progress.github.io/_site
      Generating... 
                    done.
 Auto-regeneration: enabled for '/Users/pelegri/Gits/progress.github.io'
Configuration file: none
    Server address: http://0.0.0.0:4000/
  Server running... press ctrl-c to stop.
  C-c C-c^Cbash-3.2$ bundle exec jekyll serve
bundle exec jekyll serve
Configuration file: none
            Source: /Users/pelegri/Gits/progress.github.io
       Destination: /Users/pelegri/Gits/progress.github.io/_site
      Generating... 
                    done.
 Auto-regeneration: enabled for '/Users/pelegri/Gits/progress.github.io'
Configuration file: none
    Server address: http://0.0.0.0:4000/
  Server running... press ctrl-c to stop.
  C-c C-c^Cbash-3.2$ bundle exec jekyll serve
bundle exec jekyll serve
Configuration file: none
            Source: /Users/pelegri/Gits/progress.github.io
       Destination: /Users/pelegri/Gits/progress.github.io/_site
      Generating... 
                    done.
 Auto-regeneration: enabled for '/Users/pelegri/Gits/progress.github.io'
Configuration file: none
    Server address: http://0.0.0.0:4000/
  Server running... press ctrl-c to stop.
  C-c C-c^Cbash-3.2$ bundle exec jekyll serve
bundle exec jekyll serve
Configuration file: none
            Source: /Users/pelegri/Gits/progress.github.io
       Destination: /Users/pelegri/Gits/progress.github.io/_site
      Generating... 
                    done.
 Auto-regeneration: enabled for '/Users/pelegri/Gits/progress.github.io'
Configuration file: none
    Server address: http://0.0.0.0:4000/
  Server running... press ctrl-c to stop.
  C-c C-c^Cbash-3.2$ bundle exec jekyll serve
bundle exec jekyll serve
Configuration file: none
            Source: /Users/pelegri/Gits/progress.github.io
       Destination: /Users/pelegri/Gits/progress.github.io/_site
      Generating... 
                    done.
 Auto-regeneration: enabled for '/Users/pelegri/Gits/progress.github.io'
Configuration file: none
    Server address: http://0.0.0.0:4000/
  Server running... press ctrl-c to stop.
      Regenerating: 2 files at 2014-10-30 15:48:05 ...done.
  C-c C-c^Cbash-3.2$ bundle exec jekyll serve
bundle exec jekyll serve
Configuration file: none
            Source: /Users/pelegri/Gits/progress.github.io
       Destination: /Users/pelegri/Gits/progress.github.io/_site
      Generating... 
                    done.
 Auto-regeneration: enabled for '/Users/pelegri/Gits/progress.github.io'
Configuration file: none
    Server address: http://0.0.0.0:4000/
  Server running... press ctrl-c to stop.
  C-c C-c^Cbash-3.2$ bundle exec jekyll serve
bundle exec jekyll serve
Configuration file: none
            Source: /Users/pelegri/Gits/progress.github.io
       Destination: /Users/pelegri/Gits/progress.github.io/_site
      Generating... 
                    done.
 Auto-regeneration: enabled for '/Users/pelegri/Gits/progress.github.io'
Configuration file: none
    Server address: http://0.0.0.0:4000/
  Server running... press ctrl-c to stop.
  C-c C-c^Cbash-3.2$ bundle exec jekyll serve
bundle exec jekyll serve
Configuration file: none
            Source: /Users/pelegri/Gits/progress.github.io
       Destination: /Users/pelegri/Gits/progress.github.io/_site
      Generating... 
                    done.
 Auto-regeneration: enabled for '/Users/pelegri/Gits/progress.github.io'
Configuration file: none
    Server address: http://0.0.0.0:4000/
  Server running... press ctrl-c to stop.
  C-c C-c^Cbash-3.2$ bundle exec jekyll serve
bundle exec jekyll serve
Configuration file: none
            Source: /Users/pelegri/Gits/progress.github.io
       Destination: /Users/pelegri/Gits/progress.github.io/_site
      Generating... 
                    done.
 Auto-regeneration: enabled for '/Users/pelegri/Gits/progress.github.io'
Configuration file: none
    Server address: http://0.0.0.0:4000/
  Server running... press ctrl-c to stop.
      Regenerating: 2 files at 2014-10-30 15:52:18 ...done.
      Regenerating: 2 files at 2014-10-30 15:53:13 ...done.
      Regenerating: 2 files at 2014-10-30 15:53:20 ...done.
bundle exec jekyll serve  C-c C-c^Cbash-3.2$   C-c C-c^C
bash-3.2$ bundle exec jekyll serve
bundle exec jekyll serve
Configuration file: none
            Source: /Users/pelegri/Gits/progress.github.io
       Destination: /Users/pelegri/Gits/progress.github.io/_site
      Generating... 
                    done.
 Auto-regeneration: enabled for '/Users/pelegri/Gits/progress.github.io'
Configuration file: none
    Server address: http://0.0.0.0:4000/
  Server running... press ctrl-c to stop.
  C-c C-c^Cbash-3.2$ bundle exec jekyll serve
bundle exec jekyll serve
Configuration file: none
            Source: /Users/pelegri/Gits/progress.github.io
       Destination: /Users/pelegri/Gits/progress.github.io/_site
      Generating... 
                    done.
 Auto-regeneration: enabled for '/Users/pelegri/Gits/progress.github.io'
Configuration file: none
    Server address: http://0.0.0.0:4000/
  Server running... press ctrl-c to stop.
  C-c C-c^Cbash-3.2$ dirs
dirs
~/Gits/progress.github.io ~/Gits/pelegri.github.com/images
bash-3.2$ pushd images
pushd images
~/Gits/progress.github.io/images ~/Gits/progress.github.io ~/Gits/pelegri.github.com/images
bash-3.2$ ls
ls
NOTE				center-background.png		github-logo.png			progress-logo-2.png
TelerikBrand.jpg		epl_headshot.jpg		modulus-logoSmall-gray20.png	progress-logo.png
bash-3.2$ ls
ls
NOTE				center-background.png		github-logo.png			progress-logo-2.png
TelerikBrand.jpg		epl_headshot.jpg		modulus-logoSmall-gray20.png	progress-logo.png
bash-3.2$ rm ls
rm ls
rm: ls: No such file or directory
bash-3.2$ ls
ls
NOTE				center-background.png		github-logo.png			progress-logo-2.png
TelerikBrand.jpg		epl_headshot.jpg		modulus-logoSmall-gray20.png	progress-logo.png
bash-3.2$ dirs
dirs
~/Gits/progress.github.io/images ~/Gits/progress.github.io ~/Gits/pelegri.github.com/images
bash-3.2$ popd
popd
~/Gits/progress.github.io ~/Gits/pelegri.github.com/images
bash-3.2$ bundle exec jekyll serve
bundle exec jekyll serve
Configuration file: none
            Source: /Users/pelegri/Gits/progress.github.io
       Destination: /Users/pelegri/Gits/progress.github.io/_site
      Generating... 
                    done.
 Auto-regeneration: enabled for '/Users/pelegri/Gits/progress.github.io'
Configuration file: none
    Server address: http://0.0.0.0:4000/
  Server running... press ctrl-c to stop.
      Regenerating: 2 files at 2014-10-30 16:00:30 ...done.
  C-c C-c^Cbash-3.2$ bundle exec jekyll serve
bundle exec jekyll serve
Configuration file: none
            Source: /Users/pelegri/Gits/progress.github.io
       Destination: /Users/pelegri/Gits/progress.github.io/_site
      Generating... 
                    done.
 Auto-regeneration: enabled for '/Users/pelegri/Gits/progress.github.io'
Configuration file: none
    Server address: http://0.0.0.0:4000/
  Server running... press ctrl-c to stop.
  C-c C-c^Cbash-3.2$ bundle exec jekyll serve
bundle exec jekyll serve
Configuration file: none
            Source: /Users/pelegri/Gits/progress.github.io
       Destination: /Users/pelegri/Gits/progress.github.io/_site
      Generating... 
                    done.
 Auto-regeneration: enabled for '/Users/pelegri/Gits/progress.github.io'
Configuration file: none
    Server address: http://0.0.0.0:4000/
  Server running... press ctrl-c to stop.
  C-c C-c^Cbash-3.2$ bundle exec jekyll serve
bundle exec jekyll serve
Configuration file: none
            Source: /Users/pelegri/Gits/progress.github.io
       Destination: /Users/pelegri/Gits/progress.github.io/_site
      Generating... 
                    done.
 Auto-regeneration: enabled for '/Users/pelegri/Gits/progress.github.io'
Configuration file: none
    Server address: http://0.0.0.0:4000/
  Server running... press ctrl-c to stop.
  C-c C-c^Cbash-3.2$ bundle exec jekyll serve
bundle exec jekyll serve
Configuration file: none
            Source: /Users/pelegri/Gits/progress.github.io
       Destination: /Users/pelegri/Gits/progress.github.io/_site
      Generating... 
                    done.
 Auto-regeneration: enabled for '/Users/pelegri/Gits/progress.github.io'
Configuration file: none
    Server address: http://0.0.0.0:4000/
  Server running... press ctrl-c to stop.
      Regenerating: 1 files at 2014-10-30 16:05:44 ...done.
      Regenerating: 1 files at 2014-10-30 16:05:46 ...done.
  C-c C-c^Cbash-3.2$ bundle exec jekyll serve
bundle exec jekyll serve
Configuration file: none
            Source: /Users/pelegri/Gits/progress.github.io
       Destination: /Users/pelegri/Gits/progress.github.io/_site
      Generating... 
                    done.
 Auto-regeneration: enabled for '/Users/pelegri/Gits/progress.github.io'
Configuration file: none
    Server address: http://0.0.0.0:4000/
  Server running... press ctrl-c to stop.
  C-c C-c^Cbash-3.2$ ls
ls
Gemfile		README.md	_site		images		lahacks
Gemfile.lock	_layouts	css		index.html
bash-3.2$ ls
ls
Gemfile		README.md	_site		images		lahacks
Gemfile.lock	_layouts	css		index.html
bash-3.2$ ls -F
ls -F
Gemfile		README.md	_site/		images/		lahacks/
Gemfile.lock	_layouts/	css/		index.html
bash-3.2$ cd _layouts/
cd _layouts/
bash-3.2$ ls
ls
default.html
bash-3.2$ cd ../images/
cd ../images/
bash-3.2$ ls
ls
NOTE				epl_headshot.jpg		progress-logo-2.png
TelerikBrand.jpg		github-logo.png			progress-logo-3.png
center-background.png		modulus-logoSmall-gray20.png	progress-logo.png
bash-3.2$ rm progress-logo-2.png 
rm progress-logo-2.png 
bash-3.2$ rm progress-logo.png 
rm progress-logo.png 
bash-3.2$ mv progress-logo-3.png progress-logo.png 
mv progress-logo-3.png progress-logo.png 
bash-3.2$ dirs
dirs
~/Gits/progress.github.io/images ~/Gits/pelegri.github.com/images
bash-3.2$ cd ..
cd ..
bash-3.2$ ls
ls
Gemfile		README.md	_site		images		lahacks
Gemfile.lock	_layouts	css		index.html
bash-3.2$ ls -F
ls -F
Gemfile		README.md	_site/		images/		lahacks/
Gemfile.lock	_layouts/	css/		index.html
bash-3.2$ cd lahacks/
cd lahacks/
bash-3.2$ ls
ls
handout.md	index.md
bash-3.2$ cd .. 
cd .. 
bash-3.2$ cp -p -R lahacks/ emeachallenge
cp -p -R lahacks/ emeachallenge
bash-3.2$ ls
ls
Gemfile		README.md	_site		emeachallenge	index.html
Gemfile.lock	_layouts	css		images		lahacks
bash-3.2$ ls _F
ls _F
ls: _F: No such file or directory
bash-3.2$ ls -F
ls -F
Gemfile		README.md	_site/		emeachallenge/	index.html
Gemfile.lock	_layouts/	css/		images/		lahacks/
bash-3.2$ pwd
pwd
/Users/pelegri/Gits/progress.github.io
bash-3.2$ bundle exec jekyll Eserve
bundle exec jekyll Eserve
Invalid command. Use --help for more information 
bash-3.2$ bundle exec jekyll serve
bundle exec jekyll serve
Configuration file: none
            Source: /Users/pelegri/Gits/progress.github.io
       Destination: /Users/pelegri/Gits/progress.github.io/_site
      Generating... 
                    done.
 Auto-regeneration: enabled for '/Users/pelegri/Gits/progress.github.io'
Configuration file: none
    Server address: http://0.0.0.0:4000/
  Server running... press ctrl-c to stop.
  C-c C-c^Cbash-3.2$ bundle exec jekyll serve
bundle exec jekyll serve
Configuration file: none
            Source: /Users/pelegri/Gits/progress.github.io
       Destination: /Users/pelegri/Gits/progress.github.io/_site
      Generating... 
                    done.
 Auto-regeneration: enabled for '/Users/pelegri/Gits/progress.github.io'
Configuration file: none
    Server address: http://0.0.0.0:4000/
  Server running... press ctrl-c to stop.
  C-c C-c^Cbash-3.2$ bundle exec jekyll serve
bundle exec jekyll serve
Configuration file: none
            Source: /Users/pelegri/Gits/progress.github.io
       Destination: /Users/pelegri/Gits/progress.github.io/_site
      Generating... 
                    done.
 Auto-regeneration: enabled for '/Users/pelegri/Gits/progress.github.io'
Configuration file: none
    Server address: http://0.0.0.0:4000/
  Server running... press ctrl-c to stop.
  C-c C-c^Cbash-3.2$ ls
ls
Gemfile		README.md	_site		emeachallenge	index.html
Gemfile.lock	_layouts	css		images		lahacks
bash-3.2$ ls lahacks/
ls lahacks/
handout.md	index.md
bash-3.2$ mkdir yhack
mkdir yhack
bash-3.2$ cp lahacks/index.md yhack/
cp lahacks/index.md yhack/
bash-3.2$ cd yhack/
cd yhack/
bash-3.2$ dirs
dirs
~/Gits/progress.github.io/yhack ~/Gits/pelegri.github.com/images
bash-3.2$ cd ../emeachallenge/
cd ../emeachallenge/
bash-3.2$ ls
ls
handout.md	index.md
bash-3.2$ rm handout.md 
rm handout.md 
bash-3.2$ dirs
dirs
~/Gits/progress.github.io/emeachallenge ~/Gits/pelegri.github.com/images
bash-3.2$ cd ..
cd ..
bash-3.2$ bundle exec jekyll serve
bundle exec jekyll serve
Configuration file: none
            Source: /Users/pelegri/Gits/progress.github.io
       Destination: /Users/pelegri/Gits/progress.github.io/_site
      Generating... 

                    done.

 Auto-regeneration: enabled for '/Users/pelegri/Gits/progress.github.io'
Configuration file: none
    Server address: http://0.0.0.0:4000/
  Server running... press ctrl-c to stop.
  C-c C-c^Cbash-3.2$ bundle exec jekyll serve
bundle exec jekyll serve
Configuration file: none
            Source: /Users/pelegri/Gits/progress.github.io
       Destination: /Users/pelegri/Gits/progress.github.io/_site
      Generating... 
                    done.
 Auto-regeneration: enabled for '/Users/pelegri/Gits/progress.github.io'
Configuration file: none
    Server address: http://0.0.0.0:4000/
  Server running... press ctrl-c to stop.
  C-c C-c^Cbash-3.2$ bundle exec jekyll serve
bundle exec jekyll serve
Configuration file: none
            Source: /Users/pelegri/Gits/progress.github.io
       Destination: /Users/pelegri/Gits/progress.github.io/_site
      Generating... 
                    done.
 Auto-regeneration: enabled for '/Users/pelegri/Gits/progress.github.io'
Configuration file: none
    Server address: http://0.0.0.0:4000/
  Server running... press ctrl-c to stop.
      Regenerating: 1 files at 2014-10-30 16:18:50 ...done.
  C-c C-c^Cbash-3.2$ bundle exec jekyll serve
bundle exec jekyll serve
Configuration file: none
            Source: /Users/pelegri/Gits/progress.github.io
       Destination: /Users/pelegri/Gits/progress.github.io/_site
      Generating... 
                    done.
 Auto-regeneration: enabled for '/Users/pelegri/Gits/progress.github.io'
Configuration file: none
    Server address: http://0.0.0.0:4000/
  Server running... press ctrl-c to stop.
  C-c C-c^Cbash-3.2$ bundle exec jekyll serve
bundle exec jekyll serve
Configuration file: none
            Source: /Users/pelegri/Gits/progress.github.io
       Destination: /Users/pelegri/Gits/progress.github.io/_site
      Generating... 
                    done.
 Auto-regeneration: enabled for '/Users/pelegri/Gits/progress.github.io'
Configuration file: none
    Server address: http://0.0.0.0:4000/
  Server running... press ctrl-c to stop.
  C-c C-c^Cbash-3.2$ bundle exec jekyll serve
bundle exec jekyll serve
Configuration file: none
            Source: /Users/pelegri/Gits/progress.github.io
       Destination: /Users/pelegri/Gits/progress.github.io/_site
      Generating... 
                    done.
 Auto-regeneration: enabled for '/Users/pelegri/Gits/progress.github.io'
Configuration file: none
    Server address: http://0.0.0.0:4000/
  Server running... press ctrl-c to stop.
      Regenerating: 1 files at 2014-10-30 16:20:11 ...done.
  C-c C-c^Cbash-3.2$ bundle exec jekyll serve
bundle exec jekyll serve
Configuration file: none
            Source: /Users/pelegri/Gits/progress.github.io
       Destination: /Users/pelegri/Gits/progress.github.io/_site
      Generating... 
                    done.
 Auto-regeneration: enabled for '/Users/pelegri/Gits/progress.github.io'
Configuration file: none
    Server address: http://0.0.0.0:4000/
  Server running... press ctrl-c to stop.
       Destination: /Users/pelegri/Gits/progress.github.io/_site  C-c C-c^Cbash-3.2$ bundle exec jekyll serve
bundle exec jekyll serve
Configuration file: none
            Source: /Users/pelegri/Gits/progress.github.io
       Destination: /Users/pelegri/Gits/progress.github.io/_site
      Generating... 
                    done.
 Auto-regeneration: enabled for '/Users/pelegri/Gits/progress.github.io'
Configuration file: none
    Server address: http://0.0.0.0:4000/
  Server running... press ctrl-c to stop.
Configuration file: none  C-c C-c^Cbash-3.2$ bundle exec jekyll serve
bundle exec jekyll serve
Configuration file: none
            Source: /Users/pelegri/Gits/progress.github.io
       Destination: /Users/pelegri/Gits/progress.github.io/_site
      Generating... 
                    done.
 Auto-regeneration: enabled for '/Users/pelegri/Gits/progress.github.io'
Configuration file: none
    Server address: http://0.0.0.0:4000/
  Server running... press ctrl-c to stop.
  C-c C-c^Cbash-3.2$ 